May 21, 2026 10:00:24 PM MyLogger writeToLog
INFO: Default admin account created.
May 21, 2026 10:00:31 PM MyLogger writeToLog
INFO: Successful login: admin
May 21, 2026 10:52:09 PM MyLogger writeToLog
INFO: Successful login: admin
May 21, 2026 10:53:15 PM MyLogger writeToLog
INFO: Successful login: admin
May 21, 2026 10:54:20 PM MyLogger writeToLog
INFO: Successful login: admin
May 21, 2026 10:58:00 PM MyLogger writeToLog
INFO: Successful login: admin
May 21, 2026 11:05:00 PM MyLogger writeToLog
INFO: Successful login: admin
May 21, 2026 11:06:01 PM MyLogger writeToLog
INFO: Successful login: admin
May 21, 2026 11:09:29 PM MyLogger writeToLog
INFO: Failed login attempt for username: AdminWrong password
May 21, 2026 11:09:40 PM MyLogger writeToLog
INFO: Successful login: admin
May 21, 2026 11:10:13 PM MyLogger writeToLog
INFO: Successful login: admin
May 21, 2026 11:11:59 PM MyLogger writeToLog
INFO: Successful login: admin
May 21, 2026 11:12:25 PM MyLogger writeToLog
INFO: Successful login: admin
May 21, 2026 11:12:45 PM MyLogger writeToLog
INFO: Admin registered new driver: AHmad
May 21, 2026 11:13:15 PM MyLogger writeToLog
INFO: Failed login attempt for unknown username: Yaser
May 21, 2026 11:13:28 PM MyLogger writeToLog
INFO: Successful login: AHmad
May 24, 2026 1:13:07 AM MyLogger writeToLog
INFO: New customer registered: yaser
May 24, 2026 1:13:15 AM MyLogger writeToLog
INFO: Successful login: yaser
May 24, 2026 1:13:25 AM MyLogger writeToLog
INFO: Shipment created: SHP1779574405016 by yaser
Jun 02, 2026 9:57:51 PM MyLogger writeToLog
INFO: Failed login attempt for username: AdminWrong password
Jun 02, 2026 9:58:21 PM MyLogger writeToLog
INFO: Successful login: admin
